Component: ARM Compiler 5.06 update 6 (build 750) Tool: armlink [4d35ed]

==============================================================================

Section Cross References

    gpio_prog.o(i.GPIO_Init) refers to gpio_prog.o(i.GPIO_ConfgPin_Mode) for GPIO_ConfgPin_Mode
    gpio_prog.o(i.GPIO_Init) refers to gpio_prog.o(i.GPIO_ConfgPin_OP_Type) for GPIO_ConfgPin_OP_Type
    gpio_prog.o(i.GPIO_Init) refers to gpio_prog.o(i.GPIO_ConfgPin_Speed) for GPIO_ConfgPin_Speed
    gpio_prog.o(i.GPIO_Init) refers to gpio_prog.o(i.GPIO_ConfgPin_Pull) for GPIO_ConfgPin_Pull
    gpio_prog.o(i.GPIO_Init) refers to gpio_prog.o(i.GPIO_ConfgPin_AF) for GPIO_ConfgPin_AF
    gpio_prog.o(i.GPIO_InitPortPin) refers to gpio_prog.o(i.GPIO_Init) for GPIO_Init
    led.o(i.LED_GetState) refers to gpio_prog.o(i.GPIO_ReadPortPin) for GPIO_ReadPortPin
    led.o(i.LED_Init) refers to gpio_prog.o(i.GPIO_InitPortPin) for GPIO_InitPortPin
    led.o(i.LED_Init) refers to led.o(i.LED_SetState) for LED_SetState
    led.o(i.LED_SetState) refers to gpio_prog.o(i.GPIO_WritePortPin) for GPIO_WritePortPin
    led.o(i.LED_Toggle) refers to led.o(i.LED_GetState) for LED_GetState
    led.o(i.LED_Toggle) refers to led.o(i.LED_SetState) for LED_SetState
    main.o(i.main) refers to os.o(i.OS_TaskCreate) for OS_TaskCreate
    main.o(i.main) refers to os_fifo_buffer.o(i.OS_FIFO_Init) for OS_FIFO_Init
    main.o(i.main) refers to os.o(i.OS_Start) for OS_Start
    main.o(i.main) refers to tasks.o(i.Task0) for Task0
    main.o(i.main) refers to tasks.o(i.Task1) for Task1
    main.o(i.main) refers to tasks.o(i.Task2) for Task2
    systick.o(i.SysTick_SetCallBack) refers to systick.o(.data) for SysTick_CallBack
    tasks.o(i.Task0) refers to os_fifo_buffer.o(i.OS_FIFO_Write) for OS_FIFO_Write
    tasks.o(i.Task0) refers to os_services.o(i.OS_TaskDelay) for OS_TaskDelay
    tasks.o(i.Task0) refers to tasks.o(.data) for count0
    tasks.o(i.Task1) refers to os_fifo_buffer.o(i.OS_FIFO_Read) for OS_FIFO_Read
    tasks.o(i.Task1) refers to os_services.o(i.OS_TaskDelay) for OS_TaskDelay
    tasks.o(i.Task1) refers to tasks.o(.data) for count1
    tasks.o(i.Task2) refers to os_services.o(i.OS_TaskDelay) for OS_TaskDelay
    tasks.o(i.Task2) refers to tasks.o(.data) for count2
    timer_program.o(i.TIM_Init) refers to timer_program.o(i.TIM_SetPeriodValue) for TIM_SetPeriodValue
    timer_program.o(i.TIM_Init) refers to timer_program.o(i.TIM_SetPrescalerValue) for TIM_SetPrescalerValue
    timer_program.o(i.TIM_Init) refers to timer_program.o(i.TIM_SetURS_State) for TIM_SetURS_State
    timer_program.o(i.TIM_Init) refers to timer_program.o(i.TIM_SetARR_Buffer) for TIM_SetARR_Buffer
    timer_program.o(i.TIM_Init) refers to timer_program.o(i.TIM_SetCMS_State) for TIM_SetCMS_State
    timer_program.o(i.TIM_Init) refers to timer_program.o(i.TIM_SetDirection) for TIM_SetDirection
    timer_program.o(i.TIM_Init) refers to timer_program.o(i.TIM_SetClkDiv) for TIM_SetClkDiv
    timer_program.o(i.TIM_Init) refers to timer_program.o(i.TIM_SetOPM_State) for TIM_SetOPM_State
    timer_program.o(i.TIM_Init) refers to timer_program.o(i.TIM_SetUD_Interrupt) for TIM_SetUD_Interrupt
    timer_program.o(i.TIM_Init) refers to timer_program.o(i.TIM_SetCounterState) for TIM_SetCounterState
    os.o(i.OS_InitTasks) refers to os.o(i.OS_StackInit) for OS_StackInit
    os.o(i.OS_InitTasks) refers to os.o(.bss) for TCBs
    os.o(i.OS_InitTasks) refers to os.o(.data) for CurrentPtr
    os.o(i.OS_StackInit) refers to os.o(.bss) for TCBs_Stack
    os.o(i.OS_Start) refers to systick.o(i.SysTick_Stop) for SysTick_Stop
    os.o(i.OS_Start) refers to systick.o(i.SysTick_Init) for SysTick_Init
    os.o(i.OS_Start) refers to os.o(i.OS_InitTasks) for OS_InitTasks
    os.o(i.OS_Start) refers to os_portable.o(i.OS_TaskDelayTimer_Init) for OS_TaskDelayTimer_Init
    os.o(i.OS_Start) refers to systick.o(i.SysTick_Start) for SysTick_Start
    os.o(i.OS_Start) refers to os_1.o(.text) for OS_SchedulerLaunch
    os.o(i.OS_Start) refers to os.o(.bss) for TasksPtr
    os.o(i.OS_Start) refers to os.o(.data) for MILLIS_PRESCALER
    os.o(i.OS_TaskCreate) refers to os.o(.bss) for TasksPtr
    os.o(i.OS_TaskCreate) refers to os.o(.data) for TaskIndex
    os.o(i.Scheduler) refers to os.o(.data) for CurrentPtr
    os_fifo_buffer.o(i.OS_FIFO_Init) refers to semaphore.o(i.OS_SemaphoreInit) for OS_SemaphoreInit
    os_fifo_buffer.o(i.OS_FIFO_Init) refers to os_fifo_buffer.o(.bss) for FIFO_BUFFER
    os_fifo_buffer.o(i.OS_FIFO_Init) refers to os_fifo_buffer.o(.data) for WritePtr
    os_fifo_buffer.o(i.OS_FIFO_Read) refers to semaphore.o(i.OS_Wait) for OS_Wait
    os_fifo_buffer.o(i.OS_FIFO_Read) refers to semaphore.o(i.OS_Signal) for OS_Signal
    os_fifo_buffer.o(i.OS_FIFO_Read) refers to os_fifo_buffer.o(.data) for CurDataSize
    os_fifo_buffer.o(i.OS_FIFO_Read) refers to os_fifo_buffer.o(.bss) for FIFO_BUFFER
    os_fifo_buffer.o(i.OS_FIFO_Write) refers to semaphore.o(i.OS_Wait) for OS_Wait
    os_fifo_buffer.o(i.OS_FIFO_Write) refers to semaphore.o(i.OS_Signal) for OS_Signal
    os_fifo_buffer.o(i.OS_FIFO_Write) refers to os_fifo_buffer.o(.data) for Available_Space
    os_fifo_buffer.o(i.OS_FIFO_Write) refers to os_fifo_buffer.o(.bss) for FIFO_BUFFER
    os_mailbox.o(i.OS_RecieveMail) refers to semaphore.o(i.OS_Wait) for OS_Wait
    os_mailbox.o(i.OS_RecieveMail) refers to os_mailbox.o(.data) for SendBusy
    os_mailbox.o(i.OS_SendMail) refers to semaphore.o(i.OS_Signal) for OS_Signal
    os_mailbox.o(i.OS_SendMail) refers to os_mailbox.o(.data) for SendBusy
    os_services.o(i.OS_CheckTaskDelay) refers to os.o(.bss) for TCBs
    os_services.o(i.OS_TaskDelay) refers to os.o(.data) for CurrentPtr
    os_services.o(i.TIM1_UP_TIM10_IRQHandler) refers to os_services.o(i.OS_CheckTaskDelay) for OS_CheckTaskDelay
    os_1.o(.text) refers to os.o(i.Scheduler) for Scheduler
    os_1.o(.text) refers to os.o(.data) for CurrentPtr
    semaphore.o(i.OS_Signal) refers to os.o(.data) for CurrentPtr
    semaphore.o(i.OS_Wait) refers to os_services.o(i.OS_TaskYield) for OS_TaskYield
    semaphore.o(i.OS_Wait) refers to os.o(.data) for CurrentPtr
    os_portable.o(i.OS_TaskDelayTimer_Init) refers to nvic.o(i.NVIC_Init) for NVIC_Init
    os_portable.o(i.OS_TaskDelayTimer_Init) refers to nvic.o(i.NVIC_EnableInterrupt) for NVIC_EnableInterrupt
    os_portable.o(i.OS_TaskDelayTimer_Init) refers to nvic.o(i.NVIC_SetPeriority) for NVIC_SetPeriority
    os_portable.o(i.OS_TaskDelayTimer_Init) refers to timer_program.o(i.TIM_Init) for TIM_Init
    os_portable.o(i.OS_TaskDelayTimer_Init) refers to os_portable.o(.data) for Task_Delay_Tick_ms
    os_portable.o(i.OS_TaskDelayTimer_Init) refers to os.o(.data) for MILLIS_PRESCALER
    startup_stm32f446xx.o(STACK) refers (Special) to heapauxi.o(.text) for __use_two_region_memory
    startup_stm32f446xx.o(HEAP) refers (Special) to heapauxi.o(.text) for __use_two_region_memory
    startup_stm32f446xx.o(RESET) refers (Special) to heapauxi.o(.text) for __use_two_region_memory
    startup_stm32f446xx.o(RESET) refers to startup_stm32f446xx.o(STACK) for __initial_sp
    startup_stm32f446xx.o(RESET) refers to startup_stm32f446xx.o(.text) for Reset_Handler
    startup_stm32f446xx.o(RESET) refers to os_1.o(.text) for SysTick_Handler
    startup_stm32f446xx.o(RESET) refers to os_services.o(i.TIM1_UP_TIM10_IRQHandler) for TIM1_UP_TIM10_IRQHandler
    startup_stm32f446xx.o(.text) refers (Special) to heapauxi.o(.text) for __use_two_region_memory
    startup_stm32f446xx.o(.text) refers to system_stm32f4xx.o(i.SystemInit) for SystemInit
    startup_stm32f446xx.o(.text) refers to __main.o(!!!main) for __main
    startup_stm32f446xx.o(.text) refers to startup_stm32f446xx.o(HEAP) for Heap_Mem
    startup_stm32f446xx.o(.text) refers to startup_stm32f446xx.o(STACK) for Stack_Mem
    system_stm32f4xx.o(i.SystemCoreClockUpdate) refers to system_stm32f4xx.o(.data) for SystemCoreClock
    system_stm32f4xx.o(i.SystemCoreClockUpdate) refers to system_stm32f4xx.o(.constdata) for AHBPrescTable
    __main.o(!!!main) refers to __rtentry.o(.ARM.Collect$$rtentry$$00000000) for __rt_entry
    __rtentry.o(.ARM.Collect$$rtentry$$00000000) refers (Special) to __rtentry2.o(.ARM.Collect$$rtentry$$0000000A) for __rt_entry_li
    __rtentry.o(.ARM.Collect$$rtentry$$00000000) refers (Special) to __rtentry2.o(.ARM.Collect$$rtentry$$0000000D) for __rt_entry_main
    __rtentry.o(.ARM.Collect$$rtentry$$00000000) refers (Special) to __rtentry2.o(.ARM.Collect$$rtentry$$0000000C) for __rt_entry_postli_1
    __rtentry.o(.ARM.Collect$$rtentry$$00000000) refers (Special) to __rtentry2.o(.ARM.Collect$$rtentry$$00000009) for __rt_entry_postsh_1
    __rtentry.o(.ARM.Collect$$rtentry$$00000000) refers (Special) to __rtentry2.o(.ARM.Collect$$rtentry$$00000002) for __rt_entry_presh_1
    __rtentry.o(.ARM.Collect$$rtentry$$00000000) refers (Special) to __rtentry4.o(.ARM.Collect$$rtentry$$00000004) for __rt_entry_sh
    __rtentry2.o(.ARM.Collect$$rtentry$$00000008) refers to boardinit2.o(.text) for _platform_post_stackheap_init
    __rtentry2.o(.ARM.Collect$$rtentry$$0000000A) refers to libinit.o(.ARM.Collect$$libinit$$00000000) for __rt_lib_init
    __rtentry2.o(.ARM.Collect$$rtentry$$0000000B) refers to boardinit3.o(.text) for _platform_post_lib_init
    __rtentry2.o(.ARM.Collect$$rtentry$$0000000D) refers to main.o(i.main) for main
    __rtentry2.o(.ARM.Collect$$rtentry$$0000000D) refers to exit.o(.text) for exit
    __rtentry2.o(.ARM.exidx) refers to __rtentry2.o(.ARM.Collect$$rtentry$$00000001) for .ARM.Collect$$rtentry$$00000001
    __rtentry2.o(.ARM.exidx) refers to __rtentry2.o(.ARM.Collect$$rtentry$$00000008) for .ARM.Collect$$rtentry$$00000008
    __rtentry2.o(.ARM.exidx) refers to __rtentry2.o(.ARM.Collect$$rtentry$$0000000A) for .ARM.Collect$$rtentry$$0000000A
    __rtentry2.o(.ARM.exidx) refers to __rtentry2.o(.ARM.Collect$$rtentry$$0000000B) for .ARM.Collect$$rtentry$$0000000B
    __rtentry2.o(.ARM.exidx) refers to __rtentry2.o(.ARM.Collect$$rtentry$$0000000D) for .ARM.Collect$$rtentry$$0000000D
    __rtentry4.o(.ARM.Collect$$rtentry$$00000004) refers to sys_stackheap_outer.o(.text) for __user_setup_stackheap
    __rtentry4.o(.ARM.exidx) refers to __rtentry4.o(.ARM.Collect$$rtentry$$00000004) for .ARM.Collect$$rtentry$$00000004
    sys_stackheap_outer.o(.text) refers to libspace.o(.text) for __user_perproc_libspace
    sys_stackheap_outer.o(.text) refers to startup_stm32f446xx.o(.text) for __user_initial_stackheap
    exit.o(.text) refers to rtexit.o(.ARM.Collect$$rtexit$$00000000) for __rt_exit
    libinit.o(.ARM.Collect$$libinit$$00000000) refers (Special) to libinit2.o(.ARM.Collect$$libinit$$0000002E) for __rt_lib_init_alloca_1
    libinit.o(.ARM.Collect$$libinit$$00000000) refers (Special) to libinit2.o(.ARM.Collect$$libinit$$0000002C) for __rt_lib_init_argv_1
    libinit.o(.ARM.Collect$$libinit$$00000000) refers (Special) to libinit2.o(.ARM.Collect$$libinit$$0000001B) for __rt_lib_init_atexit_1
    libinit.o(.ARM.Collect$$libinit$$00000000) refers (Special) to libinit2.o(.ARM.Collect$$libinit$$00000021) for __rt_lib_init_clock_1
    libinit.o(.ARM.Collect$$libinit$$00000000) refers (Special) to libinit2.o(.ARM.Collect$$libinit$$00000032) for __rt_lib_init_cpp_1
    libinit.o(.ARM.Collect$$libinit$$00000000) refers (Special) to libinit2.o(.ARM.Collect$$libinit$$00000030) for __rt_lib_init_exceptions_1
    libinit.o(.ARM.Collect$$libinit$$00000000) refers (Special) to libinit2.o(.ARM.Collect$$libinit$$00000001) for __rt_lib_init_fp_1
    libinit.o(.ARM.Collect$$libinit$$00000000) refers (Special) to libinit2.o(.ARM.Collect$$libinit$$0000001F) for __rt_lib_init_fp_trap_1
    libinit.o(.ARM.Collect$$libinit$$00000000) refers (Special) to libinit2.o(.ARM.Collect$$libinit$$00000023) for __rt_lib_init_getenv_1
    libinit.o(.ARM.Collect$$libinit$$00000000) refers (Special) to libinit2.o(.ARM.Collect$$libinit$$0000000A) for __rt_lib_init_heap_1
    libinit.o(.ARM.Collect$$libinit$$00000000) refers (Special) to libinit2.o(.ARM.Collect$$libinit$$00000011) for __rt_lib_init_lc_collate_1
    libinit.o(.ARM.Collect$$libinit$$00000000) refers (Special) to libinit2.o(.ARM.Collect$$libinit$$00000013) for __rt_lib_init_lc_ctype_1
    libinit.o(.ARM.Collect$$libinit$$00000000) refers (Special) to libinit2.o(.ARM.Collect$$libinit$$00000015) for __rt_lib_init_lc_monetary_1
    libinit.o(.ARM.Collect$$libinit$$00000000) refers (Special) to libinit2.o(.ARM.Collect$$libinit$$00000017) for __rt_lib_init_lc_numeric_1
    libinit.o(.ARM.Collect$$libinit$$00000000) refers (Special) to libinit2.o(.ARM.Collect$$libinit$$00000019) for __rt_lib_init_lc_time_1
    libinit.o(.ARM.Collect$$libinit$$00000000) refers (Special) to libinit2.o(.ARM.Collect$$libinit$$00000004) for __rt_lib_init_preinit_1
    libinit.o(.ARM.Collect$$libinit$$00000000) refers (Special) to libinit2.o(.ARM.Collect$$libinit$$0000000E) for __rt_lib_init_rand_1
    libinit.o(.ARM.Collect$$libinit$$00000000) refers (Special) to libinit2.o(.ARM.Collect$$libinit$$00000033) for __rt_lib_init_return
    libinit.o(.ARM.Collect$$libinit$$00000000) refers (Special) to libinit2.o(.ARM.Collect$$libinit$$0000001D) for __rt_lib_init_signal_1
    libinit.o(.ARM.Collect$$libinit$$00000000) refers (Special) to libinit2.o(.ARM.Collect$$libinit$$00000025) for __rt_lib_init_stdio_1
    libinit.o(.ARM.Collect$$libinit$$00000000) refers (Special) to libinit2.o(.ARM.Collect$$libinit$$0000000C) for __rt_lib_init_user_alloc_1
    libspace.o(.text) refers to libspace.o(.bss) for __libspace_start
    rtexit.o(.ARM.Collect$$rtexit$$00000000) refers (Special) to rtexit2.o(.ARM.Collect$$rtexit$$00000004) for __rt_exit_exit
    rtexit.o(.ARM.Collect$$rtexit$$00000000) refers (Special) to rtexit2.o(.ARM.Collect$$rtexit$$00000003) for __rt_exit_ls
    rtexit.o(.ARM.Collect$$rtexit$$00000000) refers (Special) to rtexit2.o(.ARM.Collect$$rtexit$$00000002) for __rt_exit_prels_1
    rtexit.o(.ARM.exidx) refers (Special) to rtexit2.o(.ARM.Collect$$rtexit$$00000004) for __rt_exit_exit
    rtexit.o(.ARM.exidx) refers (Special) to rtexit2.o(.ARM.Collect$$rtexit$$00000003) for __rt_exit_ls
    rtexit.o(.ARM.exidx) refers (Special) to rtexit2.o(.ARM.Collect$$rtexit$$00000002) for __rt_exit_prels_1
    rtexit.o(.ARM.exidx) refers to rtexit.o(.ARM.Collect$$rtexit$$00000000) for .ARM.Collect$$rtexit$$00000000
    libinit2.o(.ARM.Collect$$libinit$$00000001) refers to fpinit.o(x$fpl$fpinit) for _fp_init
    libinit2.o(.ARM.Collect$$libinit$$00000010) refers to libinit2.o(.ARM.Collect$$libinit$$0000000F) for .ARM.Collect$$libinit$$0000000F
    libinit2.o(.ARM.Collect$$libinit$$00000012) refers to libinit2.o(.ARM.Collect$$libinit$$0000000F) for .ARM.Collect$$libinit$$0000000F
    libinit2.o(.ARM.Collect$$libinit$$00000014) refers to libinit2.o(.ARM.Collect$$libinit$$0000000F) for .ARM.Collect$$libinit$$0000000F
    libinit2.o(.ARM.Collect$$libinit$$00000016) refers to libinit2.o(.ARM.Collect$$libinit$$0000000F) for .ARM.Collect$$libinit$$0000000F
    libinit2.o(.ARM.Collect$$libinit$$00000018) refers to libinit2.o(.ARM.Collect$$libinit$$0000000F) for .ARM.Collect$$libinit$$0000000F
    libinit2.o(.ARM.Collect$$libinit$$00000026) refers to argv_veneer.o(.emb_text) for __ARM_argv_veneer
    libinit2.o(.ARM.Collect$$libinit$$00000027) refers to argv_veneer.o(.emb_text) for __ARM_argv_veneer
    rtexit2.o(.ARM.Collect$$rtexit$$00000003) refers to libshutdown.o(.ARM.Collect$$libshutdown$$00000000) for __rt_lib_shutdown
    rtexit2.o(.ARM.Collect$$rtexit$$00000004) refers to sys_exit.o(.text) for _sys_exit
    rtexit2.o(.ARM.exidx) refers to rtexit2.o(.ARM.Collect$$rtexit$$00000001) for .ARM.Collect$$rtexit$$00000001
    rtexit2.o(.ARM.exidx) refers to rtexit2.o(.ARM.Collect$$rtexit$$00000003) for .ARM.Collect$$rtexit$$00000003
    rtexit2.o(.ARM.exidx) refers to rtexit2.o(.ARM.Collect$$rtexit$$00000004) for .ARM.Collect$$rtexit$$00000004
    argv_veneer.o(.emb_text) refers to no_argv.o(.text) for __ARM_get_argv
    sys_exit.o(.text) refers (Special) to use_no_semi.o(.text) for __I$use$semihosting
    sys_exit.o(.text) refers (Special) to indicate_semi.o(.text) for __semihosting_library_function
    _get_argv_nomalloc.o(.text) refers (Special) to hrguard.o(.text) for __heap_region$guard
    _get_argv_nomalloc.o(.text) refers to defsig_rtmem_outer.o(.text) for __rt_SIGRTMEM
    _get_argv_nomalloc.o(.text) refers to sys_command.o(.text) for _sys_command_string
    libshutdown.o(.ARM.Collect$$libshutdown$$00000000) refers (Special) to libshutdown2.o(.ARM.Collect$$libshutdown$$00000002) for __rt_lib_shutdown_cpp_1
    libshutdown.o(.ARM.Collect$$libshutdown$$00000000) refers (Special) to libshutdown2.o(.ARM.Collect$$libshutdown$$00000007) for __rt_lib_shutdown_fp_trap_1
    libshutdown.o(.ARM.Collect$$libshutdown$$00000000) refers (Special) to libshutdown2.o(.ARM.Collect$$libshutdown$$0000000F) for __rt_lib_shutdown_heap_1
    libshutdown.o(.ARM.Collect$$libshutdown$$00000000) refers (Special) to libshutdown2.o(.ARM.Collect$$libshutdown$$00000010) for __rt_lib_shutdown_return
    libshutdown.o(.ARM.Collect$$libshutdown$$00000000) refers (Special) to libshutdown2.o(.ARM.Collect$$libshutdown$$0000000A) for __rt_lib_shutdown_signal_1
    libshutdown.o(.ARM.Collect$$libshutdown$$00000000) refers (Special) to libshutdown2.o(.ARM.Collect$$libshutdown$$00000004) for __rt_lib_shutdown_stdio_1
    libshutdown.o(.ARM.Collect$$libshutdown$$00000000) refers (Special) to libshutdown2.o(.ARM.Collect$$libshutdown$$0000000C) for __rt_lib_shutdown_user_alloc_1
    sys_command.o(.text) refers (Special) to use_no_semi.o(.text) for __I$use$semihosting
    sys_command.o(.text) refers (Special) to indicate_semi.o(.text) for __semihosting_library_function
    defsig_rtmem_outer.o(.text) refers to defsig_rtmem_inner.o(.text) for __rt_SIGRTMEM_inner
    defsig_rtmem_outer.o(.text) refers to defsig_exit.o(.text) for __sig_exit
    defsig_rtmem_formal.o(.text) refers to rt_raise.o(.text) for __rt_raise
    rt_raise.o(.text) refers to __raise.o(.text) for __raise
    rt_raise.o(.text) refers to sys_exit.o(.text) for _sys_exit
    defsig_exit.o(.text) refers to sys_exit.o(.text) for _sys_exit
    defsig_rtmem_inner.o(.text) refers to defsig_general.o(.text) for __default_signal_display
    __raise.o(.text) refers to defsig.o(CL$$defsig) for __default_signal_handler
    defsig_general.o(.text) refers to sys_wrch.o(.text) for _ttywrch
    sys_wrch.o(.text) refers (Special) to use_no_semi.o(.text) for __I$use$semihosting
    sys_wrch.o(.text) refers (Special) to indicate_semi.o(.text) for __semihosting_library_function
    defsig.o(CL$$defsig) refers to defsig_rtmem_inner.o(.text) for __rt_SIGRTMEM_inner
    defsig_abrt_inner.o(.text) refers to defsig_general.o(.text) for __default_signal_display
    defsig_fpe_inner.o(.text) refers to defsig_general.o(.text) for __default_signal_display
    defsig_rtred_inner.o(.text) refers to defsig_general.o(.text) for __default_signal_display
    defsig_stak_inner.o(.text) refers to defsig_general.o(.text) for __default_signal_display
    defsig_pvfn_inner.o(.text) refers to defsig_general.o(.text) for __default_signal_display
    defsig_cppl_inner.o(.text) refers to defsig_general.o(.text) for __default_signal_display
    defsig_segv_inner.o(.text) refers to defsig_general.o(.text) for __default_signal_display
    defsig_other.o(.text) refers to defsig_general.o(.text) for __default_signal_display


==============================================================================

Removing Unused input sections from the image.

    Removing gpio_prog.o(i.GPIO_ConfgPin_AF), (44 bytes).
    Removing gpio_prog.o(i.GPIO_ConfgPin_Mode), (16 bytes).
    Removing gpio_prog.o(i.GPIO_ConfgPin_OP_Type), (14 bytes).
    Removing gpio_prog.o(i.GPIO_ConfgPin_Pull), (16 bytes).
    Removing gpio_prog.o(i.GPIO_ConfgPin_Speed), (16 bytes).
    Removing gpio_prog.o(i.GPIO_Init), (60 bytes).
    Removing gpio_prog.o(i.GPIO_InitPortPin), (160 bytes).
    Removing gpio_prog.o(i.GPIO_ReadPortPin), (12 bytes).
    Removing gpio_prog.o(i.GPIO_WritePortPin), (34 bytes).
    Removing led.o(i.LED_GetState), (32 bytes).
    Removing led.o(i.LED_Init), (60 bytes).
    Removing led.o(i.LED_SetState), (32 bytes).
    Removing led.o(i.LED_Toggle), (34 bytes).
    Removing main.o(.data), (4 bytes).
    Removing nvic.o(i.NVIC_ClearPendingFlag), (100 bytes).
    Removing nvic.o(i.NVIC_DisableInterrupt), (100 bytes).
    Removing nvic.o(i.NVIC_GenerateSWI), (12 bytes).
    Removing nvic.o(i.NVIC_GetPendingFlag), (84 bytes).
    Removing nvic.o(i.NVIC_SetPendingFlag), (100 bytes).
    Removing rcc_program.o(i.RCC_ClockInit), (212 bytes).
    Removing rcc_program.o(i.RCC_SetCLKprephiral), (148 bytes).
    Removing systick.o(i.SysTick_SetCallBack), (12 bytes).
    Removing systick.o(.data), (4 bytes).
    Removing os_mailbox.o(i.OS_RecieveMail), (24 bytes).
    Removing os_mailbox.o(i.OS_SendMail), (40 bytes).
    Removing os_mailbox.o(.data), (8 bytes).
    Removing system_stm32f4xx.o(.rev16_text), (4 bytes).
    Removing system_stm32f4xx.o(.revsh_text), (4 bytes).
    Removing system_stm32f4xx.o(.rrx_text), (6 bytes).
    Removing system_stm32f4xx.o(i.SystemCoreClockUpdate), (192 bytes).
    Removing system_stm32f4xx.o(.constdata), (24 bytes).
    Removing system_stm32f4xx.o(.data), (4 bytes).

32 unused section(s) (total 1612 bytes) removed from the image.

==============================================================================

Image Symbol Table

    Local Symbols

    Symbol Name                              Value     Ov Type        Size  Object(Section)

    ../clib/angel/boardlib.s                 0x00000000   Number         0  boardinit3.o ABSOLUTE
    ../clib/angel/boardlib.s                 0x00000000   Number         0  boardshut.o ABSOLUTE
    ../clib/angel/boardlib.s                 0x00000000   Number         0  boardinit1.o ABSOLUTE
    ../clib/angel/boardlib.s                 0x00000000   Number         0  boardinit2.o ABSOLUTE
    ../clib/angel/handlers.s                 0x00000000   Number         0  __scatter_zi.o ABSOLUTE
    ../clib/angel/handlers.s                 0x00000000   Number         0  __scatter_copy.o ABSOLUTE
    ../clib/angel/kernel.s                   0x00000000   Number         0  __rtentry4.o ABSOLUTE
    ../clib/angel/kernel.s                   0x00000000   Number         0  rtexit.o ABSOLUTE
    ../clib/angel/kernel.s                   0x00000000   Number         0  __rtentry.o ABSOLUTE
    ../clib/angel/kernel.s                   0x00000000   Number         0  __rtentry2.o ABSOLUTE
    ../clib/angel/kernel.s                   0x00000000   Number         0  rtexit2.o ABSOLUTE
    ../clib/angel/rt.s                       0x00000000   Number         0  rt_raise.o ABSOLUTE
    ../clib/angel/scatter.s                  0x00000000   Number         0  __scatter.o ABSOLUTE
    ../clib/angel/startup.s                  0x00000000   Number         0  __main.o ABSOLUTE
    ../clib/angel/sys.s                      0x00000000   Number         0  use_no_semi.o ABSOLUTE
    ../clib/angel/sys.s                      0x00000000   Number         0  indicate_semi.o ABSOLUTE
    ../clib/angel/sys.s                      0x00000000   Number         0  sys_stackheap_outer.o ABSOLUTE
    ../clib/angel/sys.s                      0x00000000   Number         0  libspace.o ABSOLUTE
    ../clib/angel/sysapp.c                   0x00000000   Number         0  sys_exit.o ABSOLUTE
    ../clib/angel/sysapp.c                   0x00000000   Number         0  sys_wrch.o ABSOLUTE
    ../clib/angel/sysapp.c                   0x00000000   Number         0  sys_command.o ABSOLUTE
    ../clib/armsys.c                         0x00000000   Number         0  argv_veneer.o ABSOLUTE
    ../clib/armsys.c                         0x00000000   Number         0  no_argv.o ABSOLUTE
    ../clib/armsys.c                         0x00000000   Number         0  _get_argv_nomalloc.o ABSOLUTE
    ../clib/armsys.c                         0x00000000   Number         0  argv_veneer.o ABSOLUTE
    ../clib/heapalloc.c                      0x00000000   Number         0  hrguard.o ABSOLUTE
    ../clib/heapaux.c                        0x00000000   Number         0  heapauxi.o ABSOLUTE
    ../clib/libinit.s                        0x00000000   Number         0  libinit2.o ABSOLUTE
    ../clib/libinit.s                        0x00000000   Number         0  libinit.o ABSOLUTE
    ../clib/libinit.s                        0x00000000   Number         0  libshutdown2.o ABSOLUTE
    ../clib/libinit.s                        0x00000000   Number         0  libshutdown.o ABSOLUTE
    ../clib/signal.c                         0x00000000   Number         0  defsig_exit.o ABSOLUTE
    ../clib/signal.c                         0x00000000   Number         0  defsig_rtmem_inner.o ABSOLUTE
    ../clib/signal.c                         0x00000000   Number         0  __raise.o ABSOLUTE
    ../clib/signal.c                         0x00000000   Number         0  defsig_rtmem_formal.o ABSOLUTE
    ../clib/signal.c                         0x00000000   Number         0  defsig_segv_inner.o ABSOLUTE
    ../clib/signal.c                         0x00000000   Number         0  defsig_fpe_inner.o ABSOLUTE
    ../clib/signal.c                         0x00000000   Number         0  defsig_other.o ABSOLUTE
    ../clib/signal.c                         0x00000000   Number         0  defsig_abrt_inner.o ABSOLUTE
    ../clib/signal.c                         0x00000000   Number         0  defsig_general.o ABSOLUTE
    ../clib/signal.c                         0x00000000   Number         0  defsig_rtred_inner.o ABSOLUTE
    ../clib/signal.c                         0x00000000   Number         0  defsig_stak_inner.o ABSOLUTE
    ../clib/signal.c                         0x00000000   Number         0  defsig_rtmem_outer.o ABSOLUTE
    ../clib/signal.c                         0x00000000   Number         0  defsig_pvfn_inner.o ABSOLUTE
    ../clib/signal.c                         0x00000000   Number         0  defsig_cppl_inner.o ABSOLUTE
    ../clib/signal.s                         0x00000000   Number         0  defsig.o ABSOLUTE
    ../clib/stdlib.c                         0x00000000   Number         0  exit.o ABSOLUTE
    ../fplib/fpinit.s                        0x00000000   Number         0  fpinit.o ABSOLUTE
    GPIO_prog.c                              0x00000000   Number         0  gpio_prog.o ABSOLUTE
    Led.c                                    0x00000000   Number         0  led.o ABSOLUTE
    NVIC.c                                   0x00000000   Number         0  nvic.o ABSOLUTE
    OS.c                                     0x00000000   Number         0  os.o ABSOLUTE
    OS.s                                     0x00000000   Number         0  os_1.o ABSOLUTE
    OS_FIFO_Buffer.c                         0x00000000   Number         0  os_fifo_buffer.o ABSOLUTE
    OS_Mailbox.c                             0x00000000   Number         0  os_mailbox.o ABSOLUTE
    OS_Portable.c                            0x00000000   Number         0  os_portable.o ABSOLUTE
    OS_Services.c                            0x00000000   Number         0  os_services.o ABSOLUTE
    RCC_program.c                            0x00000000   Number         0  rcc_program.o ABSOLUTE
    RTE\Device\STM32F446RETx\startup_stm32f446xx.s 0x00000000   Number         0  startup_stm32f446xx.o ABSOLUTE
    RTE\Device\STM32F446RETx\system_stm32f4xx.c 0x00000000   Number         0  system_stm32f4xx.o ABSOLUTE
    RTE\\Device\\STM32F446RETx\\system_stm32f4xx.c 0x00000000   Number         0  system_stm32f4xx.o ABSOLUTE
    Semaphore.c                              0x00000000   Number         0  semaphore.o ABSOLUTE
    SysTick.c                                0x00000000   Number         0  systick.o ABSOLUTE
    Tasks.c                                  0x00000000   Number         0  tasks.o ABSOLUTE
    Timer_program.c                          0x00000000   Number         0  timer_program.o ABSOLUTE
    dc.s                                     0x00000000   Number         0  dc.o ABSOLUTE
    main.c                                   0x00000000   Number         0  main.o ABSOLUTE
    RESET                                    0x08000000   Section      452  startup_stm32f446xx.o(RESET)
    !!!main                                  0x080001c4   Section        8  __main.o(!!!main)
    !!!scatter                               0x080001cc   Section       52  __scatter.o(!!!scatter)
    !!handler_copy                           0x08000200   Section       26  __scatter_copy.o(!!handler_copy)
    !!handler_zi                             0x0800021c   Section       28  __scatter_zi.o(!!handler_zi)
    .ARM.Collect$$libinit$$00000000          0x08000238   Section        2  libinit.o(.ARM.Collect$$libinit$$00000000)
    .ARM.Collect$$libinit$$00000001          0x0800023a   Section        4  libinit2.o(.ARM.Collect$$libinit$$00000001)
    .ARM.Collect$$libinit$$00000004          0x0800023e   Section        0  libinit2.o(.ARM.Collect$$libinit$$00000004)
    .ARM.Collect$$libinit$$0000000A          0x0800023e   Section        0  libinit2.o(.ARM.Collect$$libinit$$0000000A)
    .ARM.Collect$$libinit$$0000000C          0x0800023e   Section        0  libinit2.o(.ARM.Collect$$libinit$$0000000C)
    .ARM.Collect$$libinit$$0000000E          0x0800023e   Section        0  libinit2.o(.ARM.Collect$$libinit$$0000000E)
    .ARM.Collect$$libinit$$00000011          0x0800023e   Section        0  libinit2.o(.ARM.Collect$$libinit$$00000011)
    .ARM.Collect$$libinit$$00000013          0x0800023e   Section        0  libinit2.o(.ARM.Collect$$libinit$$00000013)
    .ARM.Collect$$libinit$$00000015          0x0800023e   Section        0  libinit2.o(.ARM.Collect$$libinit$$00000015)
    .ARM.Collect$$libinit$$00000017          0x0800023e   Section        0  libinit2.o(.ARM.Collect$$libinit$$00000017)
    .ARM.Collect$$libinit$$00000019          0x0800023e   Section        0  libinit2.o(.ARM.Collect$$libinit$$00000019)
    .ARM.Collect$$libinit$$0000001B          0x0800023e   Section        0  libinit2.o(.ARM.Collect$$libinit$$0000001B)
    .ARM.Collect$$libinit$$0000001D          0x0800023e   Section        0  libinit2.o(.ARM.Collect$$libinit$$0000001D)
    .ARM.Collect$$libinit$$0000001F          0x0800023e   Section        0  libinit2.o(.ARM.Collect$$libinit$$0000001F)
    .ARM.Collect$$libinit$$00000021          0x0800023e   Section        0  libinit2.o(.ARM.Collect$$libinit$$00000021)
    .ARM.Collect$$libinit$$00000023          0x0800023e   Section        0  libinit2.o(.ARM.Collect$$libinit$$00000023)
    .ARM.Collect$$libinit$$00000025          0x0800023e   Section        0  libinit2.o(.ARM.Collect$$libinit$$00000025)
    .ARM.Collect$$libinit$$0000002C          0x0800023e   Section        0  libinit2.o(.ARM.Collect$$libinit$$0000002C)
    .ARM.Collect$$libinit$$0000002E          0x0800023e   Section        0  libinit2.o(.ARM.Collect$$libinit$$0000002E)
    .ARM.Collect$$libinit$$00000030          0x0800023e   Section        0  libinit2.o(.ARM.Collect$$libinit$$00000030)
    .ARM.Collect$$libinit$$00000032          0x0800023e   Section        0  libinit2.o(.ARM.Collect$$libinit$$00000032)
    .ARM.Collect$$libinit$$00000033          0x0800023e   Section        2  libinit2.o(.ARM.Collect$$libinit$$00000033)
    .ARM.Collect$$libshutdown$$00000000      0x08000240   Section        2  libshutdown.o(.ARM.Collect$$libshutdown$$00000000)
    .ARM.Collect$$libshutdown$$00000002      0x08000242   Section        0  libshutdown2.o(.ARM.Collect$$libshutdown$$00000002)
    .ARM.Collect$$libshutdown$$00000004      0x08000242   Section        0  libshutdown2.o(.ARM.Collect$$libshutdown$$00000004)
    .ARM.Collect$$libshutdown$$00000007      0x08000242   Section        0  libshutdown2.o(.ARM.Collect$$libshutdown$$00000007)
    .ARM.Collect$$libshutdown$$0000000A      0x08000242   Section        0  libshutdown2.o(.ARM.Collect$$libshutdown$$0000000A)
    .ARM.Collect$$libshutdown$$0000000C      0x08000242   Section        0  libshutdown2.o(.ARM.Collect$$libshutdown$$0000000C)
    .ARM.Collect$$libshutdown$$0000000F      0x08000242   Section        0  libshutdown2.o(.ARM.Collect$$libshutdown$$0000000F)
    .ARM.Collect$$libshutdown$$00000010      0x08000242   Section        2  libshutdown2.o(.ARM.Collect$$libshutdown$$00000010)
    .ARM.Collect$$rtentry$$00000000          0x08000244   Section        0  __rtentry.o(.ARM.Collect$$rtentry$$00000000)
    .ARM.Collect$$rtentry$$00000002          0x08000244   Section        0  __rtentry2.o(.ARM.Collect$$rtentry$$00000002)
    .ARM.Collect$$rtentry$$00000004          0x08000244   Section        6  __rtentry4.o(.ARM.Collect$$rtentry$$00000004)
    .ARM.Collect$$rtentry$$00000009          0x0800024a   Section        0  __rtentry2.o(.ARM.Collect$$rtentry$$00000009)
    .ARM.Collect$$rtentry$$0000000A          0x0800024a   Section        4  __rtentry2.o(.ARM.Collect$$rtentry$$0000000A)
    .ARM.Collect$$rtentry$$0000000C          0x0800024e   Section        0  __rtentry2.o(.ARM.Collect$$rtentry$$0000000C)
    .ARM.Collect$$rtentry$$0000000D          0x0800024e   Section        8  __rtentry2.o(.ARM.Collect$$rtentry$$0000000D)
    .ARM.Collect$$rtexit$$00000000           0x08000256   Section        2  rtexit.o(.ARM.Collect$$rtexit$$00000000)
    .ARM.Collect$$rtexit$$00000002           0x08000258   Section        0  rtexit2.o(.ARM.Collect$$rtexit$$00000002)
    .ARM.Collect$$rtexit$$00000003           0x08000258   Section        4  rtexit2.o(.ARM.Collect$$rtexit$$00000003)
    .ARM.Collect$$rtexit$$00000004           0x0800025c   Section        6  rtexit2.o(.ARM.Collect$$rtexit$$00000004)
    .text                                    0x08000264   Section       72  os_1.o(.text)
    $v0                                      0x08000264   Number         0  os_1.o(.text)
    .text                                    0x080002ac   Section       64  startup_stm32f446xx.o(.text)
    $v0                                      0x080002ac   Number         0  startup_stm32f446xx.o(.text)
    .text                                    0x080002ec   Section        0  heapauxi.o(.text)
    .text                                    0x080002f2   Section       74  sys_stackheap_outer.o(.text)
    .text                                    0x0800033c   Section        0  exit.o(.text)
    .text                                    0x08000350   Section        8  libspace.o(.text)
    .text                                    0x08000358   Section        0  sys_exit.o(.text)
    .text                                    0x08000364   Section        2  use_no_semi.o(.text)
    .text                                    0x08000366   Section        0  indicate_semi.o(.text)
    i.NVIC_EnableInterrupt                   0x08000368   Section        0  nvic.o(i.NVIC_EnableInterrupt)
    i.NVIC_Init                              0x080003d0   Section        0  nvic.o(i.NVIC_Init)
    i.NVIC_SetPeriority                      0x080003e0   Section        0  nvic.o(i.NVIC_SetPeriority)
    i.OS_CheckTaskDelay                      0x080003ec   Section        0  os_services.o(i.OS_CheckTaskDelay)
    OS_CheckTaskDelay                        0x080003ed   Thumb Code    52  os_services.o(i.OS_CheckTaskDelay)
    i.OS_FIFO_Init                           0x08000424   Section        0  os_fifo_buffer.o(i.OS_FIFO_Init)
    i.OS_FIFO_Read                           0x08000464   Section        0  os_fifo_buffer.o(i.OS_FIFO_Read)
    i.OS_FIFO_Write                          0x080004b8   Section        0  os_fifo_buffer.o(i.OS_FIFO_Write)
    i.OS_InitTasks                           0x0800050c   Section        0  os.o(i.OS_InitTasks)
    OS_InitTasks                             0x0800050d   Thumb Code   128  os.o(i.OS_InitTasks)
    i.OS_SemaphoreInit                       0x0800059c   Section        0  semaphore.o(i.OS_SemaphoreInit)
    i.OS_Signal                              0x080005a0   Section        0  semaphore.o(i.OS_Signal)
    i.OS_StackInit                           0x080005cc   Section        0  os.o(i.OS_StackInit)
    i.OS_Start                               0x0800071c   Section        0  os.o(i.OS_Start)
    i.OS_TaskCreate                          0x08000768   Section        0  os.o(i.OS_TaskCreate)
    i.OS_TaskDelay                           0x080007a0   Section        0  os_services.o(i.OS_TaskDelay)
    i.OS_TaskDelayTimer_Init                 0x080007ac   Section        0  os_portable.o(i.OS_TaskDelayTimer_Init)
    i.OS_TaskYield                           0x08000800   Section        0  os_services.o(i.OS_TaskYield)
    i.OS_Wait                                0x08000814   Section        0  semaphore.o(i.OS_Wait)
    i.Scheduler                              0x0800083c   Section        0  os.o(i.Scheduler)
    i.SysTick_Init                           0x0800086c   Section        0  systick.o(i.SysTick_Init)
    i.SysTick_Start                          0x080008cc   Section        0  systick.o(i.SysTick_Start)
    i.SysTick_Stop                           0x080008e2   Section        0  systick.o(i.SysTick_Stop)
    i.SystemInit                             0x080008f4   Section        0  system_stm32f4xx.o(i.SystemInit)
    i.TIM1_UP_TIM10_IRQHandler               0x08000958   Section        0  os_services.o(i.TIM1_UP_TIM10_IRQHandler)
    i.TIM_Init                               0x08000970   Section        0  timer_program.o(i.TIM_Init)
    i.TIM_SetARR_Buffer                      0x08000b3c   Section        0  timer_program.o(i.TIM_SetARR_Buffer)
    i.TIM_SetCMS_State                       0x08000b5e   Section        0  timer_program.o(i.TIM_SetCMS_State)
    i.TIM_SetClkDiv                          0x08000bbc   Section        0  timer_program.o(i.TIM_SetClkDiv)
    i.TIM_SetCounterState                    0x08000c04   Section        0  timer_program.o(i.TIM_SetCounterState)
    i.TIM_SetDirection                       0x08000c26   Section        0  timer_program.o(i.TIM_SetDirection)
    i.TIM_SetOPM_State                       0x08000c48   Section        0  timer_program.o(i.TIM_SetOPM_State)
    i.TIM_SetPeriodValue                     0x08000c6a   Section        0  timer_program.o(i.TIM_SetPeriodValue)
    i.TIM_SetPrescalerValue                  0x08000c6e   Section        0  timer_program.o(i.TIM_SetPrescalerValue)
    i.TIM_SetUD_Interrupt                    0x08000c72   Section        0  timer_program.o(i.TIM_SetUD_Interrupt)
    i.TIM_SetURS_State                       0x08000c94   Section        0  timer_program.o(i.TIM_SetURS_State)
    i.Task0                                  0x08000cb8   Section        0  tasks.o(i.Task0)
    i.Task1                                  0x08000ce0   Section        0  tasks.o(i.Task1)
    i.Task2                                  0x08000d00   Section        0  tasks.o(i.Task2)
    i.main                                   0x08000d1c   Section        0  main.o(i.main)
    x$fpl$fpinit                             0x08000d50   Section       10  fpinit.o(x$fpl$fpinit)
    $v0                                      0x08000d50   Number         0  fpinit.o(x$fpl$fpinit)
    .data                                    0x20000000   Section       12  tasks.o(.data)
    .data                                    0x2000000c   Section       13  os.o(.data)
    TaskIndex                                0x20000014   Data           4  os.o(.data)
    priorty_Index                            0x20000018   Data           1  os.o(.data)
    .data                                    0x2000001c   Section       20  os_fifo_buffer.o(.data)
    .data                                    0x20000030   Section        4  os_portable.o(.data)
    .bss                                     0x20000034   Section     1527  os.o(.bss)
    TasksPtr                                 0x20000520   Data          12  os.o(.bss)
    Priorities                               0x2000052c   Data         255  os.o(.bss)
    .bss                                     0x2000062c   Section       80  os_fifo_buffer.o(.bss)
    .bss                                     0x2000067c   Section       96  libspace.o(.bss)
    HEAP                                     0x200006e0   Section      512  startup_stm32f446xx.o(HEAP)
    Heap_Mem                                 0x200006e0   Data         512  startup_stm32f446xx.o(HEAP)
    STACK                                    0x200008e0   Section     1024  startup_stm32f446xx.o(STACK)
    Stack_Mem                                0x200008e0   Data        1024  startup_stm32f446xx.o(STACK)
    __initial_sp                             0x20000ce0   Data           0  startup_stm32f446xx.o(STACK)

    Global Symbols

    Symbol Name                              Value     Ov Type        Size  Object(Section)

    BuildAttributes$$THM_ISAv4$E$P$D$K$B$S$7EM$VFPi3$EXTD16$VFPS$VFMA$PE$A:L22UL41UL21$X:L11$S22US41US21$IEEE1$IW$USESV6$~STKCKD$USESV7$~SHL$OSPACE$ROPI$EBA8$UX$STANDARDLIB$REQ8$PRES8$EABIv2 0x00000000   Number         0  anon$$obj.o ABSOLUTE
    __ARM_use_no_argv                        0x00000000   Number         0  main.o ABSOLUTE
    __ARM_exceptions_init                     - Undefined Weak Reference
    __alloca_initialize                       - Undefined Weak Reference
    __arm_preinit_                            - Undefined Weak Reference
    __cpp_initialize__aeabi_                  - Undefined Weak Reference
    __cxa_finalize                            - Undefined Weak Reference
    __rt_locale                               - Undefined Weak Reference
    __sigvec_lookup                           - Undefined Weak Reference
    _atexit_init                              - Undefined Weak Reference
    _call_atexit_fns                          - Undefined Weak Reference
    _clock_init                               - Undefined Weak Reference
    _fp_trap_init                             - Undefined Weak Reference
    _fp_trap_shutdown                         - Undefined Weak Reference
    _get_lc_collate                           - Undefined Weak Reference
    _get_lc_ctype                             - Undefined Weak Reference
    _get_lc_monetary                          - Undefined Weak Reference
    _get_lc_numeric                           - Undefined Weak Reference
    _get_lc_time                              - Undefined Weak Reference
    _getenv_init                              - Undefined Weak Reference
    _handle_redirection                       - Undefined Weak Reference
    _init_alloc                               - Undefined Weak Reference
    _init_user_alloc                          - Undefined Weak Reference
    _initio                                   - Undefined Weak Reference
    _rand_init                                - Undefined Weak Reference
    _signal_finish                            - Undefined Weak Reference
    _signal_init                              - Undefined Weak Reference
    _terminate_alloc                          - Undefined Weak Reference
    _terminate_user_alloc                     - Undefined Weak Reference
    _terminateio                              - Undefined Weak Reference
    __Vectors_Size                           0x000001c4   Number         0  startup_stm32f446xx.o ABSOLUTE
    __Vectors                                0x08000000   Data           4  startup_stm32f446xx.o(RESET)
    __Vectors_End                            0x080001c4   Data           0  startup_stm32f446xx.o(RESET)
    __main                                   0x080001c5   Thumb Code     8  __main.o(!!!main)
    __scatterload                            0x080001cd   Thumb Code     0  __scatter.o(!!!scatter)
    __scatterload_rt2                        0x080001cd   Thumb Code    44  __scatter.o(!!!scatter)
    __scatterload_rt2_thumb_only             0x080001cd   Thumb Code     0  __scatter.o(!!!scatter)
    __scatterload_null                       0x080001db   Thumb Code     0  __scatter.o(!!!scatter)
    __scatterload_copy                       0x08000201   Thumb Code    26  __scatter_copy.o(!!handler_copy)
    __scatterload_zeroinit                   0x0800021d   Thumb Code    28  __scatter_zi.o(!!handler_zi)
    __rt_lib_init                            0x08000239   Thumb Code     0  libinit.o(.ARM.Collect$$libinit$$00000000)
    __rt_lib_init_fp_1                       0x0800023b   Thumb Code     0  libinit2.o(.ARM.Collect$$libinit$$00000001)
    __rt_lib_init_alloca_1                   0x0800023f   Thumb Code     0  libinit2.o(.ARM.Collect$$libinit$$0000002E)
    __rt_lib_init_argv_1                     0x0800023f   Thumb Code     0  libinit2.o(.ARM.Collect$$libinit$$0000002C)
    __rt_lib_init_atexit_1                   0x0800023f   Thumb Code     0  libinit2.o(.ARM.Collect$$libinit$$0000001B)
    __rt_lib_init_clock_1                    0x0800023f   Thumb Code     0  libinit2.o(.ARM.Collect$$libinit$$00000021)
    __rt_lib_init_cpp_1                      0x0800023f   Thumb Code     0  libinit2.o(.ARM.Collect$$libinit$$00000032)
    __rt_lib_init_exceptions_1               0x0800023f   Thumb Code     0  libinit2.o(.ARM.Collect$$libinit$$00000030)
    __rt_lib_init_fp_trap_1                  0x0800023f   Thumb Code     0  libinit2.o(.ARM.Collect$$libinit$$0000001F)
    __rt_lib_init_getenv_1                   0x0800023f   Thumb Code     0  libinit2.o(.ARM.Collect$$libinit$$00000023)
    __rt_lib_init_heap_1                     0x0800023f   Thumb Code     0  libinit2.o(.ARM.Collect$$libinit$$0000000A)
    __rt_lib_init_lc_collate_1               0x0800023f   Thumb Code     0  libinit2.o(.ARM.Collect$$libinit$$00000011)
    __rt_lib_init_lc_ctype_1                 0x0800023f   Thumb Code     0  libinit2.o(.ARM.Collect$$libinit$$00000013)
    __rt_lib_init_lc_monetary_1              0x0800023f   Thumb Code     0  libinit2.o(.ARM.Collect$$libinit$$00000015)
    __rt_lib_init_lc_numeric_1               0x0800023f   Thumb Code     0  libinit2.o(.ARM.Collect$$libinit$$00000017)
    __rt_lib_init_lc_time_1                  0x0800023f   Thumb Code     0  libinit2.o(.ARM.Collect$$libinit$$00000019)
    __rt_lib_init_preinit_1                  0x0800023f   Thumb Code     0  libinit2.o(.ARM.Collect$$libinit$$00000004)
    __rt_lib_init_rand_1                     0x0800023f   Thumb Code     0  libinit2.o(.ARM.Collect$$libinit$$0000000E)
    __rt_lib_init_return                     0x0800023f   Thumb Code     0  libinit2.o(.ARM.Collect$$libinit$$00000033)
    __rt_lib_init_signal_1                   0x0800023f   Thumb Code     0  libinit2.o(.ARM.Collect$$libinit$$0000001D)
    __rt_lib_init_stdio_1                    0x0800023f   Thumb Code     0  libinit2.o(.ARM.Collect$$libinit$$00000025)
    __rt_lib_init_user_alloc_1               0x0800023f   Thumb Code     0  libinit2.o(.ARM.Collect$$libinit$$0000000C)
    __rt_lib_shutdown                        0x08000241   Thumb Code     0  libshutdown.o(.ARM.Collect$$libshutdown$$00000000)
    __rt_lib_shutdown_cpp_1                  0x08000243   Thumb Code     0  libshutdown2.o(.ARM.Collect$$libshutdown$$00000002)
    __rt_lib_shutdown_fp_trap_1              0x08000243   Thumb Code     0  libshutdown2.o(.ARM.Collect$$libshutdown$$00000007)
    __rt_lib_shutdown_heap_1                 0x08000243   Thumb Code     0  libshutdown2.o(.ARM.Collect$$libshutdown$$0000000F)
    __rt_lib_shutdown_return                 0x08000243   Thumb Code     0  libshutdown2.o(.ARM.Collect$$libshutdown$$00000010)
    __rt_lib_shutdown_signal_1               0x08000243   Thumb Code     0  libshutdown2.o(.ARM.Collect$$libshutdown$$0000000A)
    __rt_lib_shutdown_stdio_1                0x08000243   Thumb Code     0  libshutdown2.o(.ARM.Collect$$libshutdown$$00000004)
    __rt_lib_shutdown_user_alloc_1           0x08000243   Thumb Code     0  libshutdown2.o(.ARM.Collect$$libshutdown$$0000000C)
    __rt_entry                               0x08000245   Thumb Code     0  __rtentry.o(.ARM.Collect$$rtentry$$00000000)
    __rt_entry_presh_1                       0x08000245   Thumb Code     0  __rtentry2.o(.ARM.Collect$$rtentry$$00000002)
    __rt_entry_sh                            0x08000245   Thumb Code     0  __rtentry4.o(.ARM.Collect$$rtentry$$00000004)
    __rt_entry_li                            0x0800024b   Thumb Code     0  __rtentry2.o(.ARM.Collect$$rtentry$$0000000A)
    __rt_entry_postsh_1                      0x0800024b   Thumb Code     0  __rtentry2.o(.ARM.Collect$$rtentry$$00000009)
    __rt_entry_main                          0x0800024f   Thumb Code     0  __rtentry2.o(.ARM.Collect$$rtentry$$0000000D)
    __rt_entry_postli_1                      0x0800024f   Thumb Code     0  __rtentry2.o(.ARM.Collect$$rtentry$$0000000C)
    __rt_exit                                0x08000257   Thumb Code     0  rtexit.o(.ARM.Collect$$rtexit$$00000000)
    __rt_exit_ls                             0x08000259   Thumb Code     0  rtexit2.o(.ARM.Collect$$rtexit$$00000003)
    __rt_exit_prels_1                        0x08000259   Thumb Code     0  rtexit2.o(.ARM.Collect$$rtexit$$00000002)
    __rt_exit_exit                           0x0800025d   Thumb Code     0  rtexit2.o(.ARM.Collect$$rtexit$$00000004)
    SysTick_Handler                          0x08000265   Thumb Code     0  os_1.o(.text)
    OS_SchedulerLaunch                       0x0800028b   Thumb Code     0  os_1.o(.text)
    Reset_Handler                            0x080002ad   Thumb Code     8  startup_stm32f446xx.o(.text)
    NMI_Handler                              0x080002b5   Thumb Code     2  startup_stm32f446xx.o(.text)
    HardFault_Handler                        0x080002b7   Thumb Code     2  startup_stm32f446xx.o(.text)
    MemManage_Handler                        0x080002b9   Thumb Code     2  startup_stm32f446xx.o(.text)
    BusFault_Handler                         0x080002bb   Thumb Code     2  startup_stm32f446xx.o(.text)
    UsageFault_Handler                       0x080002bd   Thumb Code     2  startup_stm32f446xx.o(.text)
    SVC_Handler                              0x080002bf   Thumb Code     2  startup_stm32f446xx.o(.text)
    DebugMon_Handler                         0x080002c1   Thumb Code     2  startup_stm32f446xx.o(.text)
    PendSV_Handler                           0x080002c3   Thumb Code     2  startup_stm32f446xx.o(.text)
    ADC_IRQHandler                           0x080002c7   Thumb Code     0  startup_stm32f446xx.o(.text)
    CAN1_RX0_IRQHandler                      0x080002c7   Thumb Code     0  startup_stm32f446xx.o(.text)
    CAN1_RX1_IRQHandler                      0x080002c7   Thumb Code     0  startup_stm32f446xx.o(.text)
    CAN1_SCE_IRQHandler                      0x080002c7   Thumb Code     0  startup_stm32f446xx.o(.text)
    CAN1_TX_IRQHandler                       0x080002c7   Thumb Code     0  startup_stm32f446xx.o(.text)
    CAN2_RX0_IRQHandler                      0x080002c7   Thumb Code     0  startup_stm32f446xx.o(.text)
    CAN2_RX1_IRQHandler                      0x080002c7   Thumb Code     0  startup_stm32f446xx.o(.text)
    CAN2_SCE_IRQHandler                      0x080002c7   Thumb Code     0  startup_stm32f446xx.o(.text)
    CAN2_TX_IRQHandler                       0x080002c7   Thumb Code     0  startup_stm32f446xx.o(.text)
    CEC_IRQHandler                           0x080002c7   Thumb Code     0  startup_stm32f446xx.o(.text)
    DCMI_IRQHandler                          0x080002c7   Thumb Code     0  startup_stm32f446xx.o(.text)
    DMA1_Stream0_IRQHandler                  0x080002c7   Thumb Code     0  startup_stm32f446xx.o(.text)
    DMA1_Stream1_IRQHandler                  0x080002c7   Thumb Code     0  startup_stm32f446xx.o(.text)
    DMA1_Stream2_IRQHandler                  0x080002c7   Thumb Code     0  startup_stm32f446xx.o(.text)
    DMA1_Stream3_IRQHandler                  0x080002c7   Thumb Code     0  startup_stm32f446xx.o(.text)
    DMA1_Stream4_IRQHandler                  0x080002c7   Thumb Code     0  startup_stm32f446xx.o(.text)
    DMA1_Stream5_IRQHandler                  0x080002c7   Thumb Code     0  startup_stm32f446xx.o(.text)
    DMA1_Stream6_IRQHandler                  0x080002c7   Thumb Code     0  startup_stm32f446xx.o(.text)
    DMA1_Stream7_IRQHandler                  0x080002c7   Thumb Code     0  startup_stm32f446xx.o(.text)
    DMA2_Stream0_IRQHandler                  0x080002c7   Thumb Code     0  startup_stm32f446xx.o(.text)
    DMA2_Stream1_IRQHandler                  0x080002c7   Thumb Code     0  startup_stm32f446xx.o(.text)
    DMA2_Stream2_IRQHandler                  0x080002c7   Thumb Code     0  startup_stm32f446xx.o(.text)
    DMA2_Stream3_IRQHandler                  0x080002c7   Thumb Code     0  startup_stm32f446xx.o(.text)
    DMA2_Stream4_IRQHandler                  0x080002c7   Thumb Code     0  startup_stm32f446xx.o(.text)
    DMA2_Stream5_IRQHandler                  0x080002c7   Thumb Code     0  startup_stm32f446xx.o(.text)
    DMA2_Stream6_IRQHandler                  0x080002c7   Thumb Code     0  startup_stm32f446xx.o(.text)
    DMA2_Stream7_IRQHandler                  0x080002c7   Thumb Code     0  startup_stm32f446xx.o(.text)
    EXTI0_IRQHandler                         0x080002c7   Thumb Code     0  startup_stm32f446xx.o(.text)
    EXTI15_10_IRQHandler                     0x080002c7   Thumb Code     0  startup_stm32f446xx.o(.text)
    EXTI1_IRQHandler                         0x080002c7   Thumb Code     0  startup_stm32f446xx.o(.text)
    EXTI2_IRQHandler                         0x080002c7   Thumb Code     0  startup_stm32f446xx.o(.text)
    EXTI3_IRQHandler                         0x080002c7   Thumb Code     0  startup_stm32f446xx.o(.text)
    EXTI4_IRQHandler                         0x080002c7   Thumb Code     0  startup_stm32f446xx.o(.text)
    EXTI9_5_IRQHandler                       0x080002c7   Thumb Code     0  startup_stm32f446xx.o(.text)
    FLASH_IRQHandler                         0x080002c7   Thumb Code     0  startup_stm32f446xx.o(.text)
    FMC_IRQHandler                           0x080002c7   Thumb Code     0  startup_stm32f446xx.o(.text)
    FMPI2C1_ER_IRQHandler                    0x080002c7   Thumb Code     0  startup_stm32f446xx.o(.text)
    FMPI2C1_EV_IRQHandler                    0x080002c7   Thumb Code     0  startup_stm32f446xx.o(.text)
    FPU_IRQHandler                           0x080002c7   Thumb Code     0  startup_stm32f446xx.o(.text)
    I2C1_ER_IRQHandler                       0x080002c7   Thumb Code     0  startup_stm32f446xx.o(.text)
    I2C1_EV_IRQHandler                       0x080002c7   Thumb Code     0  startup_stm32f446xx.o(.text)
    I2C2_ER_IRQHandler                       0x080002c7   Thumb Code     0  startup_stm32f446xx.o(.text)
    I2C2_EV_IRQHandler                       0x080002c7   Thumb Code     0  startup_stm32f446xx.o(.text)
    I2C3_ER_IRQHandler                       0x080002c7   Thumb Code     0  startup_stm32f446xx.o(.text)
    I2C3_EV_IRQHandler                       0x080002c7   Thumb Code     0  startup_stm32f446xx.o(.text)
    OTG_FS_IRQHandler                        0x080002c7   Thumb Code     0  startup_stm32f446xx.o(.text)
    OTG_FS_WKUP_IRQHandler                   0x080002c7   Thumb Code     0  startup_stm32f446xx.o(.text)
    OTG_HS_EP1_IN_IRQHandler                 0x080002c7   Thumb Code     0  startup_stm32f446xx.o(.text)
    OTG_HS_EP1_OUT_IRQHandler                0x080002c7   Thumb Code     0  startup_stm32f446xx.o(.text)
    OTG_HS_IRQHandler                        0x080002c7   Thumb Code     0  startup_stm32f446xx.o(.text)
    OTG_HS_WKUP_IRQHandler                   0x080002c7   Thumb Code     0  startup_stm32f446xx.o(.text)
    PVD_IRQHandler                           0x080002c7   Thumb Code     0  startup_stm32f446xx.o(.text)
    QUADSPI_IRQHandler                       0x080002c7   Thumb Code     0  startup_stm32f446xx.o(.text)
    RCC_IRQHandler                           0x080002c7   Thumb Code     0  startup_stm32f446xx.o(.text)
    RTC_Alarm_IRQHandler                     0x080002c7   Thumb Code     0  startup_stm32f446xx.o(.text)
    RTC_WKUP_IRQHandler                      0x080002c7   Thumb Code     0  startup_stm32f446xx.o(.text)
    SAI1_IRQHandler                          0x080002c7   Thumb Code     0  startup_stm32f446xx.o(.text)
    SAI2_IRQHandler                          0x080002c7   Thumb Code     0  startup_stm32f446xx.o(.text)
    SDIO_IRQHandler                          0x080002c7   Thumb Code     0  startup_stm32f446xx.o(.text)
    SPDIF_RX_IRQHandler                      0x080002c7   Thumb Code     0  startup_stm32f446xx.o(.text)
    SPI1_IRQHandler                          0x080002c7   Thumb Code     0  startup_stm32f446xx.o(.text)
    SPI2_IRQHandler                          0x080002c7   Thumb Code     0  startup_stm32f446xx.o(.text)
    SPI3_IRQHandler                          0x080002c7   Thumb Code     0  startup_stm32f446xx.o(.text)
    SPI4_IRQHandler                          0x080002c7   Thumb Code     0  startup_stm32f446xx.o(.text)
    TAMP_STAMP_IRQHandler                    0x080002c7   Thumb Code     0  startup_stm32f446xx.o(.text)
    TIM1_BRK_TIM9_IRQHandler                 0x080002c7   Thumb Code     0  startup_stm32f446xx.o(.text)
    TIM1_CC_IRQHandler                       0x080002c7   Thumb Code     0  startup_stm32f446xx.o(.text)
    TIM1_TRG_COM_TIM11_IRQHandler            0x080002c7   Thumb Code     0  startup_stm32f446xx.o(.text)
    TIM2_IRQHandler                          0x080002c7   Thumb Code     0  startup_stm32f446xx.o(.text)
    TIM3_IRQHandler                          0x080002c7   Thumb Code     0  startup_stm32f446xx.o(.text)
    TIM4_IRQHandler                          0x080002c7   Thumb Code     0  startup_stm32f446xx.o(.text)
    TIM5_IRQHandler                          0x080002c7   Thumb Code     0  startup_stm32f446xx.o(.text)
    TIM6_DAC_IRQHandler                      0x080002c7   Thumb Code     0  startup_stm32f446xx.o(.text)
    TIM7_IRQHandler                          0x080002c7   Thumb Code     0  startup_stm32f446xx.o(.text)
    TIM8_BRK_TIM12_IRQHandler                0x080002c7   Thumb Code     0  startup_stm32f446xx.o(.text)
    TIM8_CC_IRQHandler                       0x080002c7   Thumb Code     0  startup_stm32f446xx.o(.text)
    TIM8_TRG_COM_TIM14_IRQHandler            0x080002c7   Thumb Code     0  startup_stm32f446xx.o(.text)
    TIM8_UP_TIM13_IRQHandler                 0x080002c7   Thumb Code     0  startup_stm32f446xx.o(.text)
    UART4_IRQHandler                         0x080002c7   Thumb Code     0  startup_stm32f446xx.o(.text)
    UART5_IRQHandler                         0x080002c7   Thumb Code     0  startup_stm32f446xx.o(.text)
    USART1_IRQHandler                        0x080002c7   Thumb Code     0  startup_stm32f446xx.o(.text)
    USART2_IRQHandler                        0x080002c7   Thumb Code     0  startup_stm32f446xx.o(.text)
    USART3_IRQHandler                        0x080002c7   Thumb Code     0  startup_stm32f446xx.o(.text)
    USART6_IRQHandler                        0x080002c7   Thumb Code     0  startup_stm32f446xx.o(.text)
    WWDG_IRQHandler                          0x080002c7   Thumb Code     0  startup_stm32f446xx.o(.text)
    __user_initial_stackheap                 0x080002c9   Thumb Code     0  startup_stm32f446xx.o(.text)
    __use_two_region_memory                  0x080002ed   Thumb Code     2  heapauxi.o(.text)
    __rt_heap_escrow$2region                 0x080002ef   Thumb Code     2  heapauxi.o(.text)
    __rt_heap_expand$2region                 0x080002f1   Thumb Code     2  heapauxi.o(.text)
    __user_setup_stackheap                   0x080002f3   Thumb Code    74  sys_stackheap_outer.o(.text)
    exit                                     0x0800033d   Thumb Code    18  exit.o(.text)
    __user_libspace                          0x08000351   Thumb Code     8  libspace.o(.text)
    __user_perproc_libspace                  0x08000351   Thumb Code     0  libspace.o(.text)
    __user_perthread_libspace                0x08000351   Thumb Code     0  libspace.o(.text)
    _sys_exit                                0x08000359   Thumb Code     8  sys_exit.o(.text)
    __I$use$semihosting                      0x08000365   Thumb Code     0  use_no_semi.o(.text)
    __use_no_semihosting_swi                 0x08000365   Thumb Code     2  use_no_semi.o(.text)
    __semihosting_library_function           0x08000367   Thumb Code     0  indicate_semi.o(.text)
    NVIC_EnableInterrupt                     0x08000369   Thumb Code   100  nvic.o(i.NVIC_EnableInterrupt)
    NVIC_Init                                0x080003d1   Thumb Code     8  nvic.o(i.NVIC_Init)
    NVIC_SetPeriority                        0x080003e1   Thumb Code     6  nvic.o(i.NVIC_SetPeriority)
    OS_FIFO_Init                             0x08000425   Thumb Code    38  os_fifo_buffer.o(i.OS_FIFO_Init)
    OS_FIFO_Read                             0x08000465   Thumb Code    62  os_fifo_buffer.o(i.OS_FIFO_Read)
    OS_FIFO_Write                            0x080004b9   Thumb Code    62  os_fifo_buffer.o(i.OS_FIFO_Write)
    OS_SemaphoreInit                         0x0800059d   Thumb Code     4  semaphore.o(i.OS_SemaphoreInit)
    OS_Signal                                0x080005a1   Thumb Code    38  semaphore.o(i.OS_Signal)
    OS_StackInit                             0x080005cd   Thumb Code   328  os.o(i.OS_StackInit)
    OS_Start                                 0x0800071d   Thumb Code    64  os.o(i.OS_Start)
    OS_TaskCreate                            0x08000769   Thumb Code    40  os.o(i.OS_TaskCreate)
    OS_TaskDelay                             0x080007a1   Thumb Code     8  os_services.o(i.OS_TaskDelay)
    OS_TaskDelayTimer_Init                   0x080007ad   Thumb Code    70  os_portable.o(i.OS_TaskDelayTimer_Init)
    OS_TaskYield                             0x08000801   Thumb Code    14  os_services.o(i.OS_TaskYield)
    OS_Wait                                  0x08000815   Thumb Code    34  semaphore.o(i.OS_Wait)
    Scheduler                                0x0800083d   Thumb Code    42  os.o(i.Scheduler)
    SysTick_Init                             0x0800086d   Thumb Code    96  systick.o(i.SysTick_Init)
    SysTick_Start                            0x080008cd   Thumb Code    22  systick.o(i.SysTick_Start)
    SysTick_Stop                             0x080008e3   Thumb Code    18  systick.o(i.SysTick_Stop)
    SystemInit                               0x080008f5   Thumb Code    82  system_stm32f4xx.o(i.SystemInit)
    TIM1_UP_TIM10_IRQHandler                 0x08000959   Thumb Code    20  os_services.o(i.TIM1_UP_TIM10_IRQHandler)
    TIM_Init                                 0x08000971   Thumb Code   402  timer_program.o(i.TIM_Init)
    TIM_SetARR_Buffer                        0x08000b3d   Thumb Code    34  timer_program.o(i.TIM_SetARR_Buffer)
    TIM_SetCMS_State                         0x08000b5f   Thumb Code    94  timer_program.o(i.TIM_SetCMS_State)
    TIM_SetClkDiv                            0x08000bbd   Thumb Code    72  timer_program.o(i.TIM_SetClkDiv)
    TIM_SetCounterState                      0x08000c05   Thumb Code    34  timer_program.o(i.TIM_SetCounterState)
    TIM_SetDirection                         0x08000c27   Thumb Code    34  timer_program.o(i.TIM_SetDirection)
    TIM_SetOPM_State                         0x08000c49   Thumb Code    34  timer_program.o(i.TIM_SetOPM_State)
    TIM_SetPeriodValue                       0x08000c6b   Thumb Code     4  timer_program.o(i.TIM_SetPeriodValue)
    TIM_SetPrescalerValue                    0x08000c6f   Thumb Code     4  timer_program.o(i.TIM_SetPrescalerValue)
    TIM_SetUD_Interrupt                      0x08000c73   Thumb Code    34  timer_program.o(i.TIM_SetUD_Interrupt)
    TIM_SetURS_State                         0x08000c95   Thumb Code    34  timer_program.o(i.TIM_SetURS_State)
    Task0                                    0x08000cb9   Thumb Code    34  tasks.o(i.Task0)
    Task1                                    0x08000ce1   Thumb Code    28  tasks.o(i.Task1)
    Task2                                    0x08000d01   Thumb Code    22  tasks.o(i.Task2)
    main                                     0x08000d1d   Thumb Code    38  main.o(i.main)
    _fp_init                                 0x08000d51   Thumb Code    10  fpinit.o(x$fpl$fpinit)
    __fplib_config_fpu_vfp                   0x08000d59   Thumb Code     0  fpinit.o(x$fpl$fpinit)
    __fplib_config_pureend_doubles           0x08000d59   Thumb Code     0  fpinit.o(x$fpl$fpinit)
    Region$$Table$$Base                      0x08000d5c   Number         0  anon$$obj.o(Region$$Table)
    Region$$Table$$Limit                     0x08000d7c   Number         0  anon$$obj.o(Region$$Table)
    count0                                   0x20000000   Data           4  tasks.o(.data)
    count1                                   0x20000004   Data           4  tasks.o(.data)
    count2                                   0x20000008   Data           4  tasks.o(.data)
    MILLIS_PRESCALER                         0x2000000c   Data           4  os.o(.data)
    CurrentPtr                               0x20000010   Data           4  os.o(.data)
    FIFO_Mutex                               0x2000001c   Data           4  os_fifo_buffer.o(.data)
    Available_Space                          0x20000020   Data           4  os_fifo_buffer.o(.data)
    CurDataSize                              0x20000024   Data           4  os_fifo_buffer.o(.data)
    ReadPtr                                  0x20000028   Data           4  os_fifo_buffer.o(.data)
    WritePtr                                 0x2000002c   Data           4  os_fifo_buffer.o(.data)
    Task_Delay_Tick_ms                       0x20000030   Data           4  os_portable.o(.data)
    TCBs                                     0x20000034   Data          60  os.o(.bss)
    TCBs_Stack                               0x20000070   Data        1200  os.o(.bss)
    FIFO_BUFFER                              0x2000062c   Data          80  os_fifo_buffer.o(.bss)
    __libspace_start                         0x2000067c   Data          96  libspace.o(.bss)
    __temporary_stack_top$libspace           0x200006dc   Data           0  libspace.o(.bss)



==============================================================================

Memory Map of the image

  Image Entry point : 0x080001c5

  Load Region LR_IROM1 (Base: 0x08000000, Size: 0x00000db0, Max: 0x00080000, ABSOLUTE)

    Execution Region ER_IROM1 (Exec base: 0x08000000, Load base: 0x08000000, Size: 0x00000d7c, Max: 0x00080000, ABSOLUTE)

    Exec Addr    Load Addr    Size         Type   Attr      Idx    E Section Name        Object

    0x08000000   0x08000000   0x000001c4   Data   RO          549    RESET               startup_stm32f446xx.o
    0x080001c4   0x080001c4   0x00000008   Code   RO          620  * !!!main             c_w.l(__main.o)
    0x080001cc   0x080001cc   0x00000034   Code   RO          777    !!!scatter          c_w.l(__scatter.o)
    0x08000200   0x08000200   0x0000001a   Code   RO          779    !!handler_copy      c_w.l(__scatter_copy.o)
    0x0800021a   0x0800021a   0x00000002   PAD
    0x0800021c   0x0800021c   0x0000001c   Code   RO          781    !!handler_zi        c_w.l(__scatter_zi.o)
    0x08000238   0x08000238   0x00000002   Code   RO          647    .ARM.Collect$$libinit$$00000000  c_w.l(libinit.o)
    0x0800023a   0x0800023a   0x00000004   Code   RO          653    .ARM.Collect$$libinit$$00000001  c_w.l(libinit2.o)
    0x0800023e   0x0800023e   0x00000000   Code   RO          656    .ARM.Collect$$libinit$$00000004  c_w.l(libinit2.o)
    0x0800023e   0x0800023e   0x00000000   Code   RO          659    .ARM.Collect$$libinit$$0000000A  c_w.l(libinit2.o)
    0x0800023e   0x0800023e   0x00000000   Code   RO          661    .ARM.Collect$$libinit$$0000000C  c_w.l(libinit2.o)
    0x0800023e   0x0800023e   0x00000000   Code   RO          663    .ARM.Collect$$libinit$$0000000E  c_w.l(libinit2.o)
    0x0800023e   0x0800023e   0x00000000   Code   RO          666    .ARM.Collect$$libinit$$00000011  c_w.l(libinit2.o)
    0x0800023e   0x0800023e   0x00000000   Code   RO          668    .ARM.Collect$$libinit$$00000013  c_w.l(libinit2.o)
    0x0800023e   0x0800023e   0x00000000   Code   RO          670    .ARM.Collect$$libinit$$00000015  c_w.l(libinit2.o)
    0x0800023e   0x0800023e   0x00000000   Code   RO          672    .ARM.Collect$$libinit$$00000017  c_w.l(libinit2.o)
    0x0800023e   0x0800023e   0x00000000   Code   RO          674    .ARM.Collect$$libinit$$00000019  c_w.l(libinit2.o)
    0x0800023e   0x0800023e   0x00000000   Code   RO          676    .ARM.Collect$$libinit$$0000001B  c_w.l(libinit2.o)
    0x0800023e   0x0800023e   0x00000000   Code   RO          678    .ARM.Collect$$libinit$$0000001D  c_w.l(libinit2.o)
    0x0800023e   0x0800023e   0x00000000   Code   RO          680    .ARM.Collect$$libinit$$0000001F  c_w.l(libinit2.o)
    0x0800023e   0x0800023e   0x00000000   Code   RO          682    .ARM.Collect$$libinit$$00000021  c_w.l(libinit2.o)
    0x0800023e   0x0800023e   0x00000000   Code   RO          684    .ARM.Collect$$libinit$$00000023  c_w.l(libinit2.o)
    0x0800023e   0x0800023e   0x00000000   Code   RO          686    .ARM.Collect$$libinit$$00000025  c_w.l(libinit2.o)
    0x0800023e   0x0800023e   0x00000000   Code   RO          690    .ARM.Collect$$libinit$$0000002C  c_w.l(libinit2.o)
    0x0800023e   0x0800023e   0x00000000   Code   RO          692    .ARM.Collect$$libinit$$0000002E  c_w.l(libinit2.o)
    0x0800023e   0x0800023e   0x00000000   Code   RO          694    .ARM.Collect$$libinit$$00000030  c_w.l(libinit2.o)
    0x0800023e   0x0800023e   0x00000000   Code   RO          696    .ARM.Collect$$libinit$$00000032  c_w.l(libinit2.o)
    0x0800023e   0x0800023e   0x00000002   Code   RO          697    .ARM.Collect$$libinit$$00000033  c_w.l(libinit2.o)
    0x08000240   0x08000240   0x00000002   Code   RO          717    .ARM.Collect$$libshutdown$$00000000  c_w.l(libshutdown.o)
    0x08000242   0x08000242   0x00000000   Code   RO          730    .ARM.Collect$$libshutdown$$00000002  c_w.l(libshutdown2.o)
    0x08000242   0x08000242   0x00000000   Code   RO          732    .ARM.Collect$$libshutdown$$00000004  c_w.l(libshutdown2.o)
    0x08000242   0x08000242   0x00000000   Code   RO          735    .ARM.Collect$$libshutdown$$00000007  c_w.l(libshutdown2.o)
    0x08000242   0x08000242   0x00000000   Code   RO          738    .ARM.Collect$$libshutdown$$0000000A  c_w.l(libshutdown2.o)
    0x08000242   0x08000242   0x00000000   Code   RO          740    .ARM.Collect$$libshutdown$$0000000C  c_w.l(libshutdown2.o)
    0x08000242   0x08000242   0x00000000   Code   RO          743    .ARM.Collect$$libshutdown$$0000000F  c_w.l(libshutdown2.o)
    0x08000242   0x08000242   0x00000002   Code   RO          744    .ARM.Collect$$libshutdown$$00000010  c_w.l(libshutdown2.o)
    0x08000244   0x08000244   0x00000000   Code   RO          622    .ARM.Collect$$rtentry$$00000000  c_w.l(__rtentry.o)
    0x08000244   0x08000244   0x00000000   Code   RO          624    .ARM.Collect$$rtentry$$00000002  c_w.l(__rtentry2.o)
    0x08000244   0x08000244   0x00000006   Code   RO          636    .ARM.Collect$$rtentry$$00000004  c_w.l(__rtentry4.o)
    0x0800024a   0x0800024a   0x00000000   Code   RO          626    .ARM.Collect$$rtentry$$00000009  c_w.l(__rtentry2.o)
    0x0800024a   0x0800024a   0x00000004   Code   RO          627    .ARM.Collect$$rtentry$$0000000A  c_w.l(__rtentry2.o)
    0x0800024e   0x0800024e   0x00000000   Code   RO          629    .ARM.Collect$$rtentry$$0000000C  c_w.l(__rtentry2.o)
    0x0800024e   0x0800024e   0x00000008   Code   RO          630    .ARM.Collect$$rtentry$$0000000D  c_w.l(__rtentry2.o)
    0x08000256   0x08000256   0x00000002   Code   RO          651    .ARM.Collect$$rtexit$$00000000  c_w.l(rtexit.o)
    0x08000258   0x08000258   0x00000000   Code   RO          699    .ARM.Collect$$rtexit$$00000002  c_w.l(rtexit2.o)
    0x08000258   0x08000258   0x00000004   Code   RO          700    .ARM.Collect$$rtexit$$00000003  c_w.l(rtexit2.o)
    0x0800025c   0x0800025c   0x00000006   Code   RO          701    .ARM.Collect$$rtexit$$00000004  c_w.l(rtexit2.o)
    0x08000262   0x08000262   0x00000002   PAD
    0x08000264   0x08000264   0x00000048   Code   RO          502    .text               os_1.o
    0x080002ac   0x080002ac   0x00000040   Code   RO          550    .text               startup_stm32f446xx.o
    0x080002ec   0x080002ec   0x00000006   Code   RO          618    .text               c_w.l(heapauxi.o)
    0x080002f2   0x080002f2   0x0000004a   Code   RO          638    .text               c_w.l(sys_stackheap_outer.o)
    0x0800033c   0x0800033c   0x00000012   Code   RO          640    .text               c_w.l(exit.o)
    0x0800034e   0x0800034e   0x00000002   PAD
    0x08000350   0x08000350   0x00000008   Code   RO          648    .text               c_w.l(libspace.o)
    0x08000358   0x08000358   0x0000000c   Code   RO          709    .text               c_w.l(sys_exit.o)
    0x08000364   0x08000364   0x00000002   Code   RO          720    .text               c_w.l(use_no_semi.o)
    0x08000366   0x08000366   0x00000000   Code   RO          722    .text               c_w.l(indicate_semi.o)
    0x08000366   0x08000366   0x00000002   PAD
    0x08000368   0x08000368   0x00000068   Code   RO          149    i.NVIC_EnableInterrupt  nvic.o
    0x080003d0   0x080003d0   0x00000010   Code   RO          152    i.NVIC_Init         nvic.o
    0x080003e0   0x080003e0   0x0000000c   Code   RO          154    i.NVIC_SetPeriority  nvic.o
    0x080003ec   0x080003ec   0x00000038   Code   RO          472    i.OS_CheckTaskDelay  os_services.o
    0x08000424   0x08000424   0x00000040   Code   RO          423    i.OS_FIFO_Init      os_fifo_buffer.o
    0x08000464   0x08000464   0x00000054   Code   RO          424    i.OS_FIFO_Read      os_fifo_buffer.o
    0x080004b8   0x080004b8   0x00000054   Code   RO          425    i.OS_FIFO_Write     os_fifo_buffer.o
    0x0800050c   0x0800050c   0x00000090   Code   RO          378    i.OS_InitTasks      os.o
    0x0800059c   0x0800059c   0x00000004   Code   RO          506    i.OS_SemaphoreInit  semaphore.o
    0x080005a0   0x080005a0   0x0000002c   Code   RO          507    i.OS_Signal         semaphore.o
    0x080005cc   0x080005cc   0x00000150   Code   RO          379    i.OS_StackInit      os.o
    0x0800071c   0x0800071c   0x0000004c   Code   RO          380    i.OS_Start          os.o
    0x08000768   0x08000768   0x00000038   Code   RO          381    i.OS_TaskCreate     os.o
    0x080007a0   0x080007a0   0x0000000c   Code   RO          473    i.OS_TaskDelay      os_services.o
    0x080007ac   0x080007ac   0x00000054   Code   RO          531    i.OS_TaskDelayTimer_Init  os_portable.o
    0x08000800   0x08000800   0x00000014   Code   RO          474    i.OS_TaskYield      os_services.o
    0x08000814   0x08000814   0x00000028   Code   RO          508    i.OS_Wait           semaphore.o
    0x0800083c   0x0800083c   0x00000030   Code   RO          382    i.Scheduler         os.o
    0x0800086c   0x0800086c   0x00000060   Code   RO          231    i.SysTick_Init      systick.o
    0x080008cc   0x080008cc   0x00000016   Code   RO          233    i.SysTick_Start     systick.o
    0x080008e2   0x080008e2   0x00000012   Code   RO          234    i.SysTick_Stop      systick.o
    0x080008f4   0x080008f4   0x00000064   Code   RO          558    i.SystemInit        system_stm32f4xx.o
    0x08000958   0x08000958   0x00000018   Code   RO          475    i.TIM1_UP_TIM10_IRQHandler  os_services.o
    0x08000970   0x08000970   0x000001cc   Code   RO          300    i.TIM_Init          timer_program.o
    0x08000b3c   0x08000b3c   0x00000022   Code   RO          301    i.TIM_SetARR_Buffer  timer_program.o
    0x08000b5e   0x08000b5e   0x0000005e   Code   RO          302    i.TIM_SetCMS_State  timer_program.o
    0x08000bbc   0x08000bbc   0x00000048   Code   RO          303    i.TIM_SetClkDiv     timer_program.o
    0x08000c04   0x08000c04   0x00000022   Code   RO          304    i.TIM_SetCounterState  timer_program.o
    0x08000c26   0x08000c26   0x00000022   Code   RO          305    i.TIM_SetDirection  timer_program.o
    0x08000c48   0x08000c48   0x00000022   Code   RO          306    i.TIM_SetOPM_State  timer_program.o
    0x08000c6a   0x08000c6a   0x00000004   Code   RO          307    i.TIM_SetPeriodValue  timer_program.o
    0x08000c6e   0x08000c6e   0x00000004   Code   RO          308    i.TIM_SetPrescalerValue  timer_program.o
    0x08000c72   0x08000c72   0x00000022   Code   RO          309    i.TIM_SetUD_Interrupt  timer_program.o
    0x08000c94   0x08000c94   0x00000022   Code   RO          310    i.TIM_SetURS_State  timer_program.o
    0x08000cb6   0x08000cb6   0x00000002   PAD
    0x08000cb8   0x08000cb8   0x00000028   Code   RO          269    i.Task0             tasks.o
    0x08000ce0   0x08000ce0   0x00000020   Code   RO          270    i.Task1             tasks.o
    0x08000d00   0x08000d00   0x0000001c   Code   RO          271    i.Task2             tasks.o
    0x08000d1c   0x08000d1c   0x00000034   Code   RO          117    i.main              main.o
    0x08000d50   0x08000d50   0x0000000a   Code   RO          707    x$fpl$fpinit        fz_wm.l(fpinit.o)
    0x08000d5a   0x08000d5a   0x00000002   PAD
    0x08000d5c   0x08000d5c   0x00000020   Data   RO          775    Region$$Table       anon$$obj.o


    Execution Region RW_IRAM1 (Exec base: 0x20000000, Load base: 0x08000d7c, Size: 0x00000ce0, Max: 0x00020000, ABSOLUTE)

    Exec Addr    Load Addr    Size         Type   Attr      Idx    E Section Name        Object

    0x20000000   0x08000d7c   0x0000000c   Data   RW          272    .data               tasks.o
    0x2000000c   0x08000d88   0x0000000d   Data   RW          384    .data               os.o
    0x20000019   0x08000d95   0x00000003   PAD
    0x2000001c   0x08000d98   0x00000014   Data   RW          427    .data               os_fifo_buffer.o
    0x20000030   0x08000dac   0x00000004   Data   RW          532    .data               os_portable.o
    0x20000034        -       0x000005f7   Zero   RW          383    .bss                os.o
    0x2000062b   0x08000db0   0x00000001   PAD
    0x2000062c        -       0x00000050   Zero   RW          426    .bss                os_fifo_buffer.o
    0x2000067c        -       0x00000060   Zero   RW          649    .bss                c_w.l(libspace.o)
    0x200006dc   0x08000db0   0x00000004   PAD
    0x200006e0        -       0x00000200   Zero   RW          548    HEAP                startup_stm32f446xx.o
    0x200008e0        -       0x00000400   Zero   RW          547    STACK               startup_stm32f446xx.o


==============================================================================

Image component sizes


      Code (inc. data)   RO Data    RW Data    ZI Data      Debug   Object Name

         0          0          0          0          0       1984   gpio_prog.o
        52         14          0          0          0       1103   main.o
       132         18          0          0          0       3295   nvic.o
       660         58          0         13       1527       3684   os.o
        72          4          0          0          0        268   os_1.o
       232         70          0         20         80       2464   os_fifo_buffer.o
        84         14          0          4          0        770   os_portable.o
       112         18          0          0          0       1877   os_services.o
        88         12          0          0          0       2046   semaphore.o
        64         26        452          0       1536        872   startup_stm32f446xx.o
       100         18          0          0          0        537   system_stm32f4xx.o
       136          0          0          0          0       1934   systick.o
       100         16          0         12          0       1591   tasks.o
       838         58          0          0          0      10288   timer_program.o

    ----------------------------------------------------------------------
      2672        326        484         52       3144      32713   Object Totals
         0          0         32          0          0          0   (incl. Generated)
         2          0          0          3          1          0   (incl. Padding)

    ----------------------------------------------------------------------

      Code (inc. data)   RO Data    RW Data    ZI Data      Debug   Library Member Name

         8          0          0          0          0         68   __main.o
         0          0          0          0          0          0   __rtentry.o
        12          0          0          0          0          0   __rtentry2.o
         6          0          0          0          0          0   __rtentry4.o
        52          8          0          0          0          0   __scatter.o
        26          0          0          0          0          0   __scatter_copy.o
        28          0          0          0          0          0   __scatter_zi.o
        18          0          0          0          0         80   exit.o
         6          0          0          0          0        152   heapauxi.o
         0          0          0          0          0          0   indicate_semi.o
         2          0          0          0          0          0   libinit.o
         6          0          0          0          0          0   libinit2.o
         2          0          0          0          0          0   libshutdown.o
         2          0          0          0          0          0   libshutdown2.o
         8          4          0          0         96         68   libspace.o
         2          0          0          0          0          0   rtexit.o
        10          0          0          0          0          0   rtexit2.o
        12          4          0          0          0         68   sys_exit.o
        74          0          0          0          0         80   sys_stackheap_outer.o
         2          0          0          0          0         68   use_no_semi.o
        10          0          0          0          0        116   fpinit.o

    ----------------------------------------------------------------------
       296         16          0          0        100        700   Library Totals
        10          0          0          0          4          0   (incl. Padding)

    ----------------------------------------------------------------------

      Code (inc. data)   RO Data    RW Data    ZI Data      Debug   Library Name

       276         16          0          0         96        584   c_w.l
        10          0          0          0          0        116   fz_wm.l

    ----------------------------------------------------------------------
       296         16          0          0        100        700   Library Totals

    ----------------------------------------------------------------------

==============================================================================


      Code (inc. data)   RO Data    RW Data    ZI Data      Debug   

      2968        342        484         52       3244      29857   Grand Totals
      2968        342        484         52       3244      29857   ELF Image Totals
      2968        342        484         52          0          0   ROM Totals

==============================================================================

    Total RO  Size (Code + RO Data)                 3452 (   3.37kB)
    Total RW  Size (RW Data + ZI Data)              3296 (   3.22kB)
    Total ROM Size (Code + RO Data + RW Data)       3504 (   3.42kB)

==============================================================================

